2026-05-31 08:03:42 [Test worker] DEBUG com.devops.app.service.TaskService - Added task: Task{id='41165531', title='Run CI pipeline', priority='HIGH', status='PENDING'}
2026-05-31 08:03:42 [Test worker] INFO  com.devops.app.service.TaskService - Task completed: Run CI pipeline
2026-05-31 08:03:42 [Test worker] DEBUG com.devops.app.service.TaskService - Added task: Task{id='1BCC3572', title='Done A', priority='HIGH', status='PENDING'}
2026-05-31 08:03:42 [Test worker] DEBUG com.devops.app.service.TaskService - Added task: Task{id='F7ABE12C', title='Not done', priority='LOW', status='PENDING'}
2026-05-31 08:03:42 [Test worker] INFO  com.devops.app.service.TaskService - Task completed: Done A
2026-05-31 08:03:42 [Test worker] DEBUG com.devops.app.service.TaskService - Added task: Task{id='8F893CA9', title='High task 1', priority='HIGH', status='PENDING'}
2026-05-31 08:03:42 [Test worker] DEBUG com.devops.app.service.TaskService - Added task: Task{id='72E9E5B8', title='High task 2', priority='HIGH', status='PENDING'}
2026-05-31 08:03:42 [Test worker] DEBUG com.devops.app.service.TaskService - Added task: Task{id='02A6744A', title='Low task', priority='LOW', status='PENDING'}
2026-05-31 08:03:42 [Test worker] DEBUG com.devops.app.service.TaskService - Added task: Task{id='1C254001', title='Write tests', priority='MEDIUM', status='PENDING'}
2026-05-31 08:03:42 [Test worker] DEBUG com.devops.app.service.TaskService - Added task: Task{id='0B2D119D', title='Refactor code', priority='LOW', status='PENDING'}
2026-05-31 08:03:42 [Test worker] DEBUG com.devops.app.service.TaskService - Added task: Task{id='72BDBCDE', title='Already done', priority='LOW', status='PENDING'}
2026-05-31 08:03:42 [Test worker] INFO  com.devops.app.service.TaskService - Task completed: Already done
2026-05-31 08:03:42 [Test worker] DEBUG com.devops.app.service.TaskService - Added task: Task{id='71C9DE58', title='Task A', priority='HIGH', status='PENDING'}
2026-05-31 08:03:42 [Test worker] DEBUG com.devops.app.service.TaskService - Added task: Task{id='4F6F997E', title='Task B', priority='MEDIUM', status='PENDING'}
2026-05-31 08:03:43 [Test worker] DEBUG com.devops.app.service.TaskService - Added task: Task{id='E0A5D7D6', title='Task C', priority='LOW', status='PENDING'}
2026-05-31 08:03:43 [Test worker] DEBUG com.devops.app.service.TaskService - Added task: Task{id='D31E453D', title='Task D', priority='HIGH', status='PENDING'}
2026-05-31 08:03:43 [Test worker] DEBUG com.devops.app.service.TaskService - Added task: Task{id='D1B93817', title='Task A', priority='HIGH', status='PENDING'}
2026-05-31 08:03:43 [Test worker] DEBUG com.devops.app.service.TaskService - Added task: Task{id='78F5566E', title='Task B', priority='LOW', status='PENDING'}
2026-05-31 08:03:43 [Test worker] DEBUG com.devops.app.service.TaskService - Added task: Task{id='9BE88478', title='Task C', priority='MEDIUM', status='PENDING'}
2026-05-31 08:03:43 [Test worker] INFO  com.devops.app.service.TaskService - Task completed: Task C
2026-05-31 08:03:43 [Test worker] DEBUG com.devops.app.service.TaskService - Added task: Task{id='B49A3217', title='Deploy to production', priority='HIGH', status='PENDING'}
2026-05-31 08:03:43 [Test worker] DEBUG com.devops.app.service.TaskService - Added task: Task{id='AAFEE11F', title='T1', priority='HIGH', status='PENDING'}
2026-05-31 08:03:43 [Test worker] DEBUG com.devops.app.service.TaskService - Added task: Task{id='142AE86E', title='T2', priority='LOW', status='PENDING'}
2026-05-31 08:03:43 [Test worker] DEBUG com.devops.app.service.TaskService - Added task: Task{id='A498519B', title='Temporary task', priority='LOW', status='PENDING'}
